---
source: crates/tapir-script/vm/src/lib.rs
expression: stack_at_waits
input_file: crates/tapir-script/vm/src/snapshot_tests/stack/conditional_taken.tapir
---
[
  ([
    [
      -1,
      15,
      5,
      5,
    ],
  ], PropObj(
    int_prop: 5,
  )),
  ([
    [
      -1,
      15,
      5,
      5,
    ],
  ], PropObj(
    int_prop: 5,
  )),
  ([
    [
      -1,
      15,
      5,
      5,
    ],
  ], PropObj(
    int_prop: 15,
  )),
  ([], PropObj(
    int_prop: 15,
  )),
]
