---
source: crates/tapir-script/vm/src/lib.rs
expression: stack_at_waits
input_file: crates/tapir-script/vm/src/snapshot_tests/stack/large_number_manipulation.tapir
---
[
  ([
    [
      -1,
      6400,
    ],
  ], PropObj(
    int_prop: 3024,
  )),
  ([
    [
      -1,
      6400,
      33554440,
      6400,
    ],
  ], PropObj(
    int_prop: 3024,
  )),
  ([], PropObj(
    int_prop: 3024,
  )),
]
