---
source: crates/tapir-script/compiler/src/compile/symtab_visitor.rs
expression: diagnostics.pretty_string(false)
input_file: crates/tapir-script/compiler/src/compile/snapshot_tests/symtab_visitor/if_blocks_are_scoped_fail.tapir
---
Error: Unknown variable 'y'
   ╭─[ if_blocks_are_scoped_fail.tapir:5:1 ]
   │
 5 │ y = 4;
   │ ───┬──  
   │    ╰──── Unknown variable
───╯
