---
source: crates/tapir-script/compiler/src/compile/symtab_visitor.rs
expression: diagnostics.pretty_string(false)
input_file: crates/tapir-script/compiler/src/compile/snapshot_tests/symtab_visitor/assigning_to_undeclared_variable_fail.tapir
---
Error: Unknown variable 'z'
   ╭─[ assigning_to_undeclared_variable_fail.tapir:3:1 ]
   │
 3 │ z = 299;
   │ ────┬───  
   │     ╰───── Unknown variable
───╯
