---
source: crates/tapir-script/compiler/src/compile/ir/ssa.rs
expression: output
input_file: crates/tapir-script/compiler/src/compile/ir/snapshot_tests/ssa/loop_break.tapir
---
=======================
fn @toplevel() -> 

---- block 2 ----
i.6 = int 0
jmp 0

---- block 0 ----
i.7 = Ï†(i.6 from 2, i.10 from 5)
temp.8 = i.7
temp.9 = int 1
i.10 = temp.8 + temp.9
temp.11 = i.10
temp.12 = int 20
temp.13 = temp.11 > temp.12
conditional_jump temp.13 3 4

---- block 3 ----
jmp 1

---- block 4 ----
jmp 5

---- block 1 ----
return 

---- block 5 ----
jmp 0
