---
source: crates/tapir-script/compiler/src/compile/ir/optimisations.rs
expression: output
input_file: crates/tapir-script/compiler/src/compile/ir/snapshot_tests/optimisations/constant_conditional/if_true_false.tapir
---
----------- before -------------
=======================
fn @toplevel() -> 

---- block 3 ----
temp.8 = bool true
conditional_jump temp.8 0 1

---- block 0 ----
temp.9 = int 5
storeprop temp.9, 0
jmp 2

---- block 1 ----
temp.10 = int 9
storeprop temp.10, 0
jmp 2

---- block 2 ----
wait
temp.11 = bool false
conditional_jump temp.11 4 5

---- block 4 ----
temp.12 = int 15
storeprop temp.12, 0
jmp 6

---- block 5 ----
temp.13 = int 19
storeprop temp.13, 0
jmp 6

---- block 6 ----
return 


----------- remove_constant_conditionals -------------
=======================
fn @toplevel() -> 

---- block 3 ----
temp.8 = bool true
jmp 0

---- block 0 ----
temp.9 = int 5
storeprop temp.9, 0
jmp 2

---- block 2 ----
wait
temp.11 = bool false
jmp 5

---- block 5 ----
temp.13 = int 19
storeprop temp.13, 0
jmp 6

---- block 6 ----
return
