---
source: crates/tapir-script/compiler/src/compile/ir/optimisations.rs
expression: output
input_file: crates/tapir-script/compiler/src/compile/ir/snapshot_tests/optimisations/unreferenced_function/mutual_references_used.tapir
---
----------- before -------------
=======================
fn @toplevel() -> 

---- block 0 ----
temp.14 = int 9
temp.15 = bar(temp.14)
storeprop temp.15, 0
return 

=======================
fn bar(x.2) -> int

---- block 0 ----
temp.16 = x.2
temp.17 = int 1
temp.18 = temp.16 - temp.17
temp.19 = baz(temp.18)
return temp.19

=======================
fn baz(x.3) -> int

---- block 0 ----
temp.20 = x.3
temp.21 = int 1
temp.22 = temp.20 - temp.21
temp.23 = bar(temp.22)
return temp.23
