---
source: crates/tapir-script/compiler/src/compile/ir/ssa.rs
expression: output
input_file: crates/tapir-script/compiler/src/compile/ir/snapshot_tests/ssa/trivial_phi.tapir
---
=======================
fn @toplevel() -> 

---- block 3 ----
x.5 = bool true
y.6 = bool true
temp.7 = x.5
conditional_jump temp.7 0 1

---- block 0 ----
temp.8 = x.5
conditional_jump temp.8 4 5

---- block 1 ----
jmp 2

---- block 4 ----
jmp 6

---- block 5 ----
jmp 6

---- block 2 ----
y.9 = φ(y.6 from 1, y.10 from 6)
z.11 = y.9
return 

---- block 6 ----
y.10 = φ(y.6 from 4, y.6 from 5)
jmp 2
