---
source: crates/tapir-script/compiler/src/compile.rs
expression: decompiled
input_file: crates/tapir-script/compiler/src/snapshot_tests/compiler/fn_call_one_return.tapir
---
00000000: loadk 2, 3
00000002: mov 1, 2
00000003: mov 4, 1
00000004: call 3
00000005: jmp 9
00000006: mov 2, 4
00000007: ret
00000008: ret
00000009: mov 3, 1
00000010: loadk 4, 3
00000012: add 2, 3, 4
00000013: mov 1, 2
00000014: ret
