---
source: crates/tapir-script/compiler/src/compile.rs
expression: decompiled
input_file: crates/tapir-script/compiler/src/snapshot_tests/compiler/fn_call_many_returns.tapir
---
00000000: call 1
00000001: jmp 4
00000002: ret
00000003: ret
00000004: loadk 2, 3
00000006: mov 3, 2
00000007: loadk 4, 3
00000009: add 1, 3, 4
00000010: mov 3, 2
00000011: loadk 4, 3
00000013: mul 2, 3, 4
00000014: loadk 3, 1
00000016: ret
